program_id,program_name,program_acronym,focus_area,doc,contact_pi,contact_pi_email,contact_nih,contact_nih_email,nofo,award,program_link,data_link,cancer_type
betrnet,Barrettâ€™s Esophagus Translational Research Network (BETRNet),BETRNet,General,DCP,,,"RICHMOND, ELLEN S.; YASSIN, RIHAB R.",er115z@nih.gov,RFA-CA-16-007;RFA-CA-16-006;RFA-CA-10-014,,https://prevention.cancer.gov/major-programs/barretts-esophagus-translational-research-network-betrnet,https://www.vumc.org/cqs/statistical-data-centers,Esophageal Cancer
ccdi,Childhood Cancer Data Initiative,CCDI,Pediatric/AYA,CCG;DCB;DCCPS;DCEG;DCP;DCTD;OCC;CBIIT;CCT;RPG,"Allen, Greg;Alonzo, Todd;Armstrong, Gregory;Ashworth, Alan;Boi, Shannon;Brown, Michael;Budd, Kaitlin;Chuang, Jeffrey Hsu-Min;Curington, Christina;Dela Cruz, Filemon S;Dmitrovsky, Ethan;Doherty, Jennifer;Druker, Brian J;Dyer, Michael A;Erin Marcotte;Eve Shalley;Evers, Bernard Mark;Fearon, Eric R.;Foster, Jessica;Francis, Connor;Freedman, Leonard;Gabriel, Stacey;Glimcher, Laurie Hollis;Gorlick, Richard G;Griffith, Obi L;Grosshans, David;Guergana Savova;Hernandez, Brenda;Heslop, Helen E;Hoang, Bang;Hoang, Bang ;Houghton, Peter J;Jason Yustein;Jeffrey Olson;Jensen, Roy A.;Johnson, Candace S.;Kevin Jones;Kimberly Stegmaier;Kohler, Betsy;Krause, Diane S;Lake, Joe;Lerman, Caryn;Levy, Shawn;Li, Xiaonan;Limoli, Charles;Lipkin, Joel;Liu, Tao;Lock, Richard B;Lupien, Leslie;Mackall, Crystal;Marth, Gabor T;Meliha Yetisgen;Mesa, Ruben A;Meshinchi, Soheil;Metelitsa, Leonid;Moon, Grace;Mosse, Yael P;Ngen, Ethel;Nichols, Kim Erika;Okimoto, Ross;Onar-Thomas, Arzu;Plotkin, Scott;Pollock, Brad H.;Pollock, Raphael E.;Ramirez Milan, Nilsa Del Carmen;Richard Vile;Robert Kortum;Roberts, Charles;Roy, Souvik;Rustgi, Anil K;Samuel Volchenboum;Spector, Logan G.;Tamara Porter Miller;Teachey, David;Thomas Blick Alexander;Thompson, Craig;Todd A. Alonzo;Tucker, Thomas;Ulrich, Cornelia M.;Van Allen, Eliezer M;Vile, RIchard;Vonderheide, Robert H;Wagner, Lynne;Weigel, Brenda;Weissmiller, April;Wenyong Chen;Wiggins, Charles;Wu, Xiao-Cheng;Ronai, Ze'ev A;Cowan, Kenneth H;Ramalingam, Suresh S;Palucka, Anna Karolina",Alan.Ashworth@ucsf.edu;anil2@mail.med.upenn.edu;arzu.onar@stjude.org;aweissmiller@yahoo.com;bahoang@montefiore.org;bpollock@ucdavis.edu;candace.johnson@roswellpark.org;charles.roberts@stjude.org;clerman@usc.edu;climoli@uci.edu;cmackall@stanford.edu;connor.francis@ufl.edu;dgrossha@mdanderson.org;diane.krause@yale.edu;drukerb@ohsu.edu;eliezerm_vanallen@dfci.harvard.edu;engen1@jhmi.edu;eshalley@essexmanagement.com;fd2177@columbia.edu;fearon@umich.edu;fosterjb@chop.edu;gmarth@genetics.utah.edu;Greg.Allen@ucsf.edu;greg.armstrong@stjude.org;Guergana.Savova@childrens.harvard.edu;hheslop@bcm.edu;houghtonp@uthscsa.edu;jason.yustein@emory.edu;jeff.chuang@jax.org;jlipkin@4points.com;JOlson@emory.edu;kaitlin.budd@stjude.org;;kevin.jones@hci.utah.edu;Kimberly_Stegmaier@dfci.harvard.edu;laurie_glimcher@dfci.harvard.edu;leslie_lupien@dfci.harvard.edu;lsmeteli@txch.org;marcotte@umn.edu;mark.evers@uky.edu;mcb52@duke.edu;;melihay@uw.edu;mesar@uthscsa.edu;Michael.Dyer@stjude.com;MICHAEL.DYER@STJUDE.ORG;mosse@chop.edu;neli.ulrich@hci.utah.edu;nicholsk@email.chop.edu;nilsa.ramirez@nationwidechildrens.org;obigriffith@wustl.edu;peter.odwyer@uphs.upenn.edu;raphael.pollock@osumc.edu;rgorlick@mdanderson.org;rhv@upenn.edu;rjensen@kumc.edu;rlock@ccia.unsw.edu.au;robert.kortum@usuhs.edu;ross.okimoto@ucsf.edu;shannon.boi@stjude.org;slevy@hudsonalpha.org;slv@uchicago.edu;smeshinc@fredhutch.org;souvik.roy@uta.edu;spector@umn.edu;splotkin@mgh.harvard.edu;stacey@broad.mit.edu;talex@email.unc.edu;talonzo@childrensocologygroup.org;talonzo@childrensoncologygroup.org;tamara.miller@emory.edu;teacheyd@email.chop.edu;thompsonc@mskcc.org;TLiu@ccia.unsw.edu.au;vile.richard@mayo.edu;wechen@coh.org;weige007@umn.edu;xiaonan.li@northwestern.edu;ronai@sbpdiscovery.org;kcowan@unmc.edu;ssramal@emory.edu;karolina.palucka@jax.org,"Li, Jerry;Guan, Ping;Jhappan, Chamelli;Lee, Cecilia H.;Ptak, Krzysztof;Bakos, Alexis Diane;Belin, Precilla L.;Bian, Yansong;Bourcier, Katarzyna;Coulombe, James N.;Daee, Danielle L.;Damico, Mark W.;Elijanne, Mariam;Garson, Amy;Gayle, Sylvia;He, Min;Jakowlew, Sonia;Joseph Kofi Agyin;Klauzinska, Malgorzata;Komschelies, Kristin;Kondapaka, Sudhir;Lam, Clara;Lim, Susan;Lisa M. Gallicchio;Lubensky, Irina;Maas, Stefan;Margaret M. Mooney;Mietz, Judy;Miguel Ossandon;Miller, David J.;Mooney, Margaret M.;Morgan O'Hayre;Prasanna, Pat;Roberson, Sonya;Rotunno, Melissa;Schmidt, Michael;Shafik, Hasnaa;Smith, Malcolm M.;Subhashini Jagu;Sudhir B. Kondapaka;Tatalovich, Zaria;TImmer, William C.;Weber, Michael Nicholas N.;Yansong Bian;Yansong, Bian;Zhang-Zhi Hu",alexis.bakos@nih.gov;belinpl@mail.nih.gov;bourcierkd@mail.nih.gov;cecilia.lee@nih.gov;Clara.Lam@nih.gov;coulombej@mail.nih.gov;daeed@mail.nih.gov;damicomw@mail.nih.gov;danielle.daee@nih.gov;david.miller3@nih.gov;eljannem@mail.nih.gov;garsona@mail.nih.gov;hem3@mail.nih.gov;huzhuang@mail.nih.gov;jakowles@mail.nih.gov;jerry.li@nih.gov;jhappanc@mail.nih.gov;joseph.agyin@nih.gov;katarzyna.bourcier@nih.gov;klauzing@mail.nih.gov;komschkr@mail.nih.gov;kondapas@mail.nih.gov;krzysztofptak@ninds.nih.gov;lims@mail.nih.gov;lisa.gallicchio@nih.gov;lubenskyi@mail.nih.gov;maassw@mail.nih.gov;mietzj@mail.nih.gov;mooneym@mail.nih.gov;mschmidt@mail.nih.gov;Nick.Weber@nih.gov;ohayrem@mail.nih.gov;ossandom@mail.nih.gov;patajeprasanna@mail.nih.gov;ping.guan@nih.gov;robersos@mail.nih.gov;rotunnom@mail.nih.gov;shafikh@mail.nih.gov;sk313a@nih.gov;smithm@ctep.nci.nih.gov;sylvia.gayle@nih.gov;tatalovichzp@mail.nih.gov;william.timmer@nih.gov;yansong.bian@nih.gov,,3UG1CA189828-07S1;3UG1CA189828-08S2;3U24CA055727-26S1;2UM1CA081457-21;5UM1CA228823-03;5UM1CA081457-22;7UM1CA228823-04S1;3P30CA082103-21S9;3P30CA168524-09S3;P30CA069533-22S5;P30CA125123-14S6;P30CA008748-54S3;P30CA016520-44S5;P30CA014089-45S6;P30CA054174-25S2;P30CA046592-31S8;P30CA021765-41S3;P30CA006516-55S7;3P30CA016058-44S3;3P30CA046592-31S4;3P30CA042014-31S5;3P30CA013696-45S1;3P30CA082103-21S6;3P30CA054174-25S1;3P30CA016520-44S6;3P30CA016056-43S5;3P30CA177558-08S2;3R21CA242933-02S1;3U24CA237719-02S1;3R21CA242861-02S1;3U24CA209999-05S1;3UG1CA189955-07S1;3UG1CA189955-08S1;PUR316201200124W*1PUR261201300028I*2REQ5790900*2;75N91020F00125-0-0-1;75N91020F00003;600.300.20.01;75N91019D00024-0-759102000021-0;1U24CA263963-01;1U24CA263963-02;1U24CA263963-03;1U24CA263963-04;1U24CA263963-05;1U01CA263967-01;1U01CA263967-03;26115003B91020F00001;261201400004I;HHSN261201800007I;HHSN261201800011I;HHSN261201800016I;HHSN261201800032I;HHSN261201800014I;HHSN261201800013I;3U24HD090743-06S2;3U24HD090744-06S1;K08CA263179-01;K12CA090354-21;K99CA263021-01;F31CA265285-01;1F30CA260911-01;1F32CA261034-01;1K08CA259610-01;K08CA263179-02;K12CA090354-22;K99CA263021-02;F31CA265285-02;1F30CA260911-02;5F32CA261034-02;1K08CA259610-02;K08CA263179-03;K12CA090354-23;F31CA265285-03;1F30CA260911-03;F32CA261034-03;1K08CA259610-03;5U10CA180899-08;5U24CA196173-07;3U10CA180899-08S1;1R01CA262887-01;1OT2OD027852-01;1R03CA256550-01;1R21CA262994-01;1R15CA263868-01;3P30CA008748-55S3;2U01CA199288-07;1U01CA263981-02;5U01CA199000-07;U01CA199221-08;3U01CA249245-01A1;3U01CA248226-02;3U24CA248010-02;3R21CA258242-01;3U54CA231637-01W1;3U54CA231652-01W1;3U10CA180899-09S2;1R01CA266105-01;5R21CA262994-02;3K07CA211956-05W1;R37CA255453;600000;26116004B91020F00003-0-0-1;PUR6794296*1;PUR6794300*1;PUR6807932*1;1R03CA251976-01A1;1R21CA263223-01A1;1R21CA267914-01;1R21CA259926-01A1;1R21CA267515-01;1R21CA267365-01;1R01CA239701-01A1;1R01CA241452-01A1;1R01CA222518-01A1;APC20005001-1-0-1;PUR6456092*2;K12CA076930-21;1F32CA250155-01A1;1U01CA269420-01;261201400004I-0-759102000001-1;75N91019D00024-0-759102100013-1;1U01CA263967-02;2U01CA199000-06;2U01CA199221-07;2U01CA199288-06;1U01CA263981-01;1R37CA255453-01A1;1R01CA255643-01A1;3U24HD090744-05S1;75N91020F00035;600.035.2;1U01CA263969-01;1U01CA263957-01;PUR6159453*16159453ACO20029-001-00000;PUR6512769*1;276130;1R01CA263500-01;1R01CA255596-01A1;1R01CA262012-01;1R01CA262250-01;1R01CA254892-01A1;HHSN261201400004I/75N91020F00001;75N91020F00003;600.300.21.01;3P30CA030199-42S1;3P30CA036727-37S5;3P30CA138292-14S2;3P30CA014089-47S1;3P30CA016520-47S3;3P30CA021765-44S4;3P30CA006516-58S4;3P30CA034196-37S1,https://www.cancer.gov/research/areas/childhood/childhood-cancer-data-initiative,https://ccdi.cancer.gov/home,Multiple Cancer Types
imat,Innovative Molecular Analysis Technologies,IMAT,General,CSSI,,,,,RFA-CA-24-008;RFA-CA-24-009;RFA-CA-24-010;RFA-CA-24-011;RFA-CA-23-002;RFA-CA-23-003;RFA-CA-23-004;RFA-CA-23-005;RFA-CA-22-001;RFA-CA-22-002;RFA-CA-22-003;RFA-CA-22-004;RFA-CA-21-003;RFA-CA-21-004;RFA-CA-21-005;RFA-CA-21-006;RFA-CA-20-017;RFA-CA-20-018;RFA-CA-20-019;RFA-CA-20-020;RFA-CA-19-019;RFA-CA-19-020;RFA-CA-19-021;RFA-CA-19-022;RFA-CA-18-002;RFA-CA-18-003;RFA-CA-18-004;RFA-CA-18-005;PAR-18-303;RFA-CA-17-010;RFA-CA-17-011;RFA-CA-17-012;RFA-CA-17-013;RFA-CA-16-001;RFA-CA-16-002;RFA-CA-16-003;RFA-CA-16-004;RFA-CA-15-002;RFA-CA-15-003;RFA-CA-15-004;RFA-CA-15-005;RFA-CA-14-003;RFA-CA-14-004;RFA-CA-14-005;RFA-CA-14-006;RFA-CA-13-001;RFA-CA-13-002;RFA-CA-13-003;RFA-CA-13-004;PAR-13-327;RFA-CA-12-002;RFA-CA-12-003;RFA-CA-12-004;RFA-CA-12-005;RFA-CA-10-003;RFA-CA-10-005;RFA-CA-10-004;RFA-CA-10-001;RFA-CA-10-002;RFA-CA-10-013;RFA-CA-09-006;RFA-CA-09-008;RFA-CA-09-007;RFA-CA-09-004;RFA-CA-09-005;RFA-CA-08-007;RFA-CA-08-006;RFA-CA-08-008;RFA-CA-08-009;RFA-CA-08-010;RFA-CA-08-011;RFA-CA-08-012;RFA-CA-08-013;RFA-CA-08-014;RFA-CA-07-033;RFA-CA-07-035;RFA-CA-07-034;RFA-CA-07-036;RFA-CA-07-037;RFA-CA-07-038;RFA-CA-07-039;RFA-CA-07-040;RFA-CA-07-041;RFA-CA-07-042;RFA-CA-07-043;RFA-CA-07-044;RFA-CA-07-015;RFA-CA-07-017;RFA-CA-07-016;RFA-CA-07-018;RFA-CA-07-022;RFA-CA-07-023;RFA-CA-07-008;RFA-CA-07-009;RFA-CA-07-010;RFA-CA-07-011;RFA-CA-07-006;RFA-CA-07-019;RFA-CA-07-024;RFA-CA-07-001;RFA-CA-07-002;RFA-CA-07-003;RFA-CA-06-002;RFA-CA-06-003;RFA-CA-06-004;RFA-CA-06-005;RFA-CA-06-006;RFA-CA-06-007;RFA-CA-05-002;RFA-CA-05-003;RFA-CA-05-004;RFA-CA-05-006;RFA-CA-05-007;RFA-CA-05-008;PAR-01-104;PAR-01-106;PAR-01-105;PAR-01-107;PAR-99-100;PAR-99-102;PAR-99-101;PAR-99-103;PAR-98-067;PAR-98-066,,https://www.cancer.gov/about-nci/organization/cssi/research/imat,,Multiple Cancer Types
tcga,The Cancer Genome Atlas Program,TCGA,General,CCG,,,,,,,https://www.cancer.gov/ccg/research/genome-sequencing/tcga,https://portal.gdc.cancer.gov/,Adrenal Gland Cancer;Bile Duct Cancer;Bladder Cancer;Brain Cancer;Breast Cancer;Cervical Cancer;Colorectal Cancer;Esophageal Cancer;Gastric Cancer;Glioblastoma;Head and Neck Cancer;Kidney Cancer;Leukemia;Liver Cancer;Lung Cancer;Melanoma;Mesothelioma;Ovarian Cancer;Pancreas Cancer;Prostate Cancer;Sarcoma;Skin Cancer;Testicular Cancer;Thyroid Cancer;Uterine Cancer
